PHPUnit 12.5.31 by Sebastian Bergmann and contributors.

Runtime:       PHP 8.3.6
Configuration: /app/phpunit.xml

"INSIGHT COUNT:" // tests/Feature/BlogTest.php:52
3 // tests/Feature/BlogTest.php:52
"INSIGHT ALL:" // tests/Feature/BlogTest.php:53
array:3 [
  0 => array:21 [
    "id" => 1
    "legacy_id" => null
    "title" => "Unlocking Global Leadership: The Future of the Executive MBA"
    "slug" => "unlocking-global-leadership-future-executive-mba"
    "excerpt" => "Eveniet eligendi sit rerum illo deserunt voluptas. Vero nihil quae inventore nulla nulla eum. Esse ea excepturi perspiciatis voluptatibus accusantium numquam cumque minus."
    "content" => "<h2>The Shift in Global Executive Leadership</h2><p>Body copy.</p>"
    "featured_image_url" => null
    "featured_image_alt" => null
    "categories" => array:1 [
      0 => "blogs"
    ]
    "tags" => []
    "author_name" => "Dr. Elizabeth Vance"
    "author_avatar_url" => null
    "author_bio" => null
    "published_at" => "2026-07-25T11:58:26.000000Z"
    "reading_time_minutes" => 8
    "is_featured" => false
    "meta_title" => "Sequi quia ipsam non possimus."
    "meta_description" => "Voluptatem omnis dicta ut vel."
    "extra" => null
    "created_at" => "2026-07-27T11:58:26.000000Z"
    "updated_at" => "2026-07-27T11:58:26.000000Z"
  ]
  1 => array:21 [
    "id" => 2
    "legacy_id" => null
    "title" => "Negotiation Masterclass: Strategies for High-Stakes Deals"
    "slug" => "negotiation-masterclass-strategies-high-stakes-deals"
    "excerpt" => "Dolorum explicabo vero totam incidunt quo. Magnam sed reiciendis quia sit omnis quisquam debitis. Dolorem voluptatem dolorum ad illum modi distinctio sequi."
    "content" => """
      <h2>Molestias voluptatibus veritatis fugiat itaque.</h2><p>Eius deserunt est est enim nihil doloremque tempora. Sequi et et aut reprehenderit praesentium itaque quos. Ipsam repudiandae sed ullam dolores. Unde distinctio delectus est magnam. Et molestiae quia repellat dicta ducimus doloremque.\n
      \n
      Debitis ducimus sed quia dolor omnis pariatur aut. Tenetur vitae dolorum fuga quisquam rem expedita. Dolores architecto asperiores nihil dolore facere.\n
      \n
      Cupiditate est quidem nihil velit vero debitis quibusdam. Deserunt quia earum unde accusamus saepe quis. Possimus molestias sit ut officia blanditiis ullam.</p>
      """
    "featured_image_url" => null
    "featured_image_alt" => null
    "categories" => array:1 [
      0 => "blogs"
    ]
    "tags" => []
    "author_name" => "Maverick Business Academy"
    "author_avatar_url" => null
    "author_bio" => null
    "published_at" => "2026-07-26T11:58:26.000000Z"
    "reading_time_minutes" => 6
    "is_featured" => false
    "meta_title" => "Similique qui vel voluptas unde repudiandae similique eum."
    "meta_description" => "Illo saepe consequatur asperiores."
    "extra" => null
    "created_at" => "2026-07-27T11:58:26.000000Z"
    "updated_at" => "2026-07-27T11:58:26.000000Z"
  ]
  2 => array:21 [
    "id" => 3
    "legacy_id" => null
    "title" => "Demystifying Venture Capital: How Startups Raise Capital"
    "slug" => "demystifying-venture-capital-how-startups-raise-capital"
    "excerpt" => "Soluta nesciunt et impedit animi amet ducimus. Qui rerum nesciunt accusantium mollitia voluptatibus ad."
    "content" => """
      <h2>Atque assumenda illum doloremque ut.</h2><p>Molestiae aut occaecati accusamus architecto dolorum et. Dolore dolor ipsa laboriosam sit eveniet at. Voluptas soluta saepe dolorem. Neque perspiciatis sapiente delectus. Quod illum consequatur eum esse voluptatibus ea officiis.\n
      \n
      Et autem dolorem et expedita provident dolorem. Facilis magni veritatis suscipit aut numquam. Labore soluta dignissimos commodi architecto.\n
      \n
      Optio quam assumenda est vitae deserunt ut enim. Suscipit cum incidunt consequatur molestiae aut molestias dolores. Fugit aliquam rerum provident. Ea nihil corporis eum cupiditate voluptas quisquam.</p>
      """
    "featured_image_url" => null
    "featured_image_alt" => null
    "categories" => array:1 [
      0 => "blogs"
    ]
    "tags" => []
    "author_name" => "Maverick Business Academy"
    "author_avatar_url" => null
    "author_bio" => null
    "published_at" => "2026-07-27T11:58:26.000000Z"
    "reading_time_minutes" => 2
    "is_featured" => false
    "meta_title" => "Enim repudiandae minima dolores."
    "meta_description" => "Dolorum et quae alias facilis."
    "extra" => null
    "created_at" => "2026-07-27T11:58:26.000000Z"
    "updated_at" => "2026-07-27T11:58:26.000000Z"
  ]
] // tests/Feature/BlogTest.php:53
"PUBLISHED:" // tests/Feature/BlogTest.php:54
array:3 [
  0 => array:21 [
    "id" => 1
    "legacy_id" => null
    "title" => "Unlocking Global Leadership: The Future of the Executive MBA"
    "slug" => "unlocking-global-leadership-future-executive-mba"
    "excerpt" => "Eveniet eligendi sit rerum illo deserunt voluptas. Vero nihil quae inventore nulla nulla eum. Esse ea excepturi perspiciatis voluptatibus accusantium numquam cumque minus."
    "content" => "<h2>The Shift in Global Executive Leadership</h2><p>Body copy.</p>"
    "featured_image_url" => null
    "featured_image_alt" => null
    "categories" => array:1 [
      0 => "blogs"
    ]
    "tags" => []
    "author_name" => "Dr. Elizabeth Vance"
    "author_avatar_url" => null
    "author_bio" => null
    "published_at" => "2026-07-25T11:58:26.000000Z"
    "reading_time_minutes" => 8
    "is_featured" => false
    "meta_title" => "Sequi quia ipsam non possimus."
    "meta_description" => "Voluptatem omnis dicta ut vel."
    "extra" => null
    "created_at" => "2026-07-27T11:58:26.000000Z"
    "updated_at" => "2026-07-27T11:58:26.000000Z"
  ]
  1 => array:21 [
    "id" => 2
    "legacy_id" => null
    "title" => "Negotiation Masterclass: Strategies for High-Stakes Deals"
    "slug" => "negotiation-masterclass-strategies-high-stakes-deals"
    "excerpt" => "Dolorum explicabo vero totam incidunt quo. Magnam sed reiciendis quia sit omnis quisquam debitis. Dolorem voluptatem dolorum ad illum modi distinctio sequi."
    "content" => """
      <h2>Molestias voluptatibus veritatis fugiat itaque.</h2><p>Eius deserunt est est enim nihil doloremque tempora. Sequi et et aut reprehenderit praesentium itaque quos. Ipsam repudiandae sed ullam dolores. Unde distinctio delectus est magnam. Et molestiae quia repellat dicta ducimus doloremque.\n
      \n
      Debitis ducimus sed quia dolor omnis pariatur aut. Tenetur vitae dolorum fuga quisquam rem expedita. Dolores architecto asperiores nihil dolore facere.\n
      \n
      Cupiditate est quidem nihil velit vero debitis quibusdam. Deserunt quia earum unde accusamus saepe quis. Possimus molestias sit ut officia blanditiis ullam.</p>
      """
    "featured_image_url" => null
    "featured_image_alt" => null
    "categories" => array:1 [
      0 => "blogs"
    ]
    "tags" => []
    "author_name" => "Maverick Business Academy"
    "author_avatar_url" => null
    "author_bio" => null
    "published_at" => "2026-07-26T11:58:26.000000Z"
    "reading_time_minutes" => 6
    "is_featured" => false
    "meta_title" => "Similique qui vel voluptas unde repudiandae similique eum."
    "meta_description" => "Illo saepe consequatur asperiores."
    "extra" => null
    "created_at" => "2026-07-27T11:58:26.000000Z"
    "updated_at" => "2026-07-27T11:58:26.000000Z"
  ]
  2 => array:21 [
    "id" => 3
    "legacy_id" => null
    "title" => "Demystifying Venture Capital: How Startups Raise Capital"
    "slug" => "demystifying-venture-capital-how-startups-raise-capital"
    "excerpt" => "Soluta nesciunt et impedit animi amet ducimus. Qui rerum nesciunt accusantium mollitia voluptatibus ad."
    "content" => """
      <h2>Atque assumenda illum doloremque ut.</h2><p>Molestiae aut occaecati accusamus architecto dolorum et. Dolore dolor ipsa laboriosam sit eveniet at. Voluptas soluta saepe dolorem. Neque perspiciatis sapiente delectus. Quod illum consequatur eum esse voluptatibus ea officiis.\n
      \n
      Et autem dolorem et expedita provident dolorem. Facilis magni veritatis suscipit aut numquam. Labore soluta dignissimos commodi architecto.\n
      \n
      Optio quam assumenda est vitae deserunt ut enim. Suscipit cum incidunt consequatur molestiae aut molestias dolores. Fugit aliquam rerum provident. Ea nihil corporis eum cupiditate voluptas quisquam.</p>
      """
    "featured_image_url" => null
    "featured_image_alt" => null
    "categories" => array:1 [
      0 => "blogs"
    ]
    "tags" => []
    "author_name" => "Maverick Business Academy"
    "author_avatar_url" => null
    "author_bio" => null
    "published_at" => "2026-07-27T11:58:26.000000Z"
    "reading_time_minutes" => 2
    "is_featured" => false
    "meta_title" => "Enim repudiandae minima dolores."
    "meta_description" => "Dolorum et quae alias facilis."
    "extra" => null
    "created_at" => "2026-07-27T11:58:26.000000Z"
    "updated_at" => "2026-07-27T11:58:26.000000Z"
  ]
] // tests/Feature/BlogTest.php:54
"PUBLISHED CATEGORY:" // tests/Feature/BlogTest.php:55
array:3 [
  0 => array:21 [
    "id" => 1
    "legacy_id" => null
    "title" => "Unlocking Global Leadership: The Future of the Executive MBA"
    "slug" => "unlocking-global-leadership-future-executive-mba"
    "excerpt" => "Eveniet eligendi sit rerum illo deserunt voluptas. Vero nihil quae inventore nulla nulla eum. Esse ea excepturi perspiciatis voluptatibus accusantium numquam cumque minus."
    "content" => "<h2>The Shift in Global Executive Leadership</h2><p>Body copy.</p>"
    "featured_image_url" => null
    "featured_image_alt" => null
    "categories" => array:1 [
      0 => "blogs"
    ]
    "tags" => []
    "author_name" => "Dr. Elizabeth Vance"
    "author_avatar_url" => null
    "author_bio" => null
    "published_at" => "2026-07-25T11:58:26.000000Z"
    "reading_time_minutes" => 8
    "is_featured" => false
    "meta_title" => "Sequi quia ipsam non possimus."
    "meta_description" => "Voluptatem omnis dicta ut vel."
    "extra" => null
    "created_at" => "2026-07-27T11:58:26.000000Z"
    "updated_at" => "2026-07-27T11:58:26.000000Z"
  ]
  1 => array:21 [
    "id" => 2
    "legacy_id" => null
    "title" => "Negotiation Masterclass: Strategies for High-Stakes Deals"
    "slug" => "negotiation-masterclass-strategies-high-stakes-deals"
    "excerpt" => "Dolorum explicabo vero totam incidunt quo. Magnam sed reiciendis quia sit omnis quisquam debitis. Dolorem voluptatem dolorum ad illum modi distinctio sequi."
    "content" => """
      <h2>Molestias voluptatibus veritatis fugiat itaque.</h2><p>Eius deserunt est est enim nihil doloremque tempora. Sequi et et aut reprehenderit praesentium itaque quos. Ipsam repudiandae sed ullam dolores. Unde distinctio delectus est magnam. Et molestiae quia repellat dicta ducimus doloremque.\n
      \n
      Debitis ducimus sed quia dolor omnis pariatur aut. Tenetur vitae dolorum fuga quisquam rem expedita. Dolores architecto asperiores nihil dolore facere.\n
      \n
      Cupiditate est quidem nihil velit vero debitis quibusdam. Deserunt quia earum unde accusamus saepe quis. Possimus molestias sit ut officia blanditiis ullam.</p>
      """
    "featured_image_url" => null
    "featured_image_alt" => null
    "categories" => array:1 [
      0 => "blogs"
    ]
    "tags" => []
    "author_name" => "Maverick Business Academy"
    "author_avatar_url" => null
    "author_bio" => null
    "published_at" => "2026-07-26T11:58:26.000000Z"
    "reading_time_minutes" => 6
    "is_featured" => false
    "meta_title" => "Similique qui vel voluptas unde repudiandae similique eum."
    "meta_description" => "Illo saepe consequatur asperiores."
    "extra" => null
    "created_at" => "2026-07-27T11:58:26.000000Z"
    "updated_at" => "2026-07-27T11:58:26.000000Z"
  ]
  2 => array:21 [
    "id" => 3
    "legacy_id" => null
    "title" => "Demystifying Venture Capital: How Startups Raise Capital"
    "slug" => "demystifying-venture-capital-how-startups-raise-capital"
    "excerpt" => "Soluta nesciunt et impedit animi amet ducimus. Qui rerum nesciunt accusantium mollitia voluptatibus ad."
    "content" => """
      <h2>Atque assumenda illum doloremque ut.</h2><p>Molestiae aut occaecati accusamus architecto dolorum et. Dolore dolor ipsa laboriosam sit eveniet at. Voluptas soluta saepe dolorem. Neque perspiciatis sapiente delectus. Quod illum consequatur eum esse voluptatibus ea officiis.\n
      \n
      Et autem dolorem et expedita provident dolorem. Facilis magni veritatis suscipit aut numquam. Labore soluta dignissimos commodi architecto.\n
      \n
      Optio quam assumenda est vitae deserunt ut enim. Suscipit cum incidunt consequatur molestiae aut molestias dolores. Fugit aliquam rerum provident. Ea nihil corporis eum cupiditate voluptas quisquam.</p>
      """
    "featured_image_url" => null
    "featured_image_alt" => null
    "categories" => array:1 [
      0 => "blogs"
    ]
    "tags" => []
    "author_name" => "Maverick Business Academy"
    "author_avatar_url" => null
    "author_bio" => null
    "published_at" => "2026-07-27T11:58:26.000000Z"
    "reading_time_minutes" => 2
    "is_featured" => false
    "meta_title" => "Enim repudiandae minima dolores."
    "meta_description" => "Dolorum et quae alias facilis."
    "extra" => null
    "created_at" => "2026-07-27T11:58:26.000000Z"
    "updated_at" => "2026-07-27T11:58:26.000000Z"
  ]
] // tests/Feature/BlogTest.php:55
[41;37mF[0m                                                                   1 / 1 (100%)

Time: 00:00.534, Memory: 65.00 MB

There was 1 failure:

1) Tests\Feature\BlogTest::test_blog_listing_page
Failed asserting that '<!doctype html>\n
<html lang="en">\n
<head>\n
    <meta charset="UTF-8" />\n
    <meta http-equiv="X-UA-Compatible" content="IE=edge" />\n
    <meta name="viewport" content="width=device-width, initial-scale=1.0" />\n
\n
    \n
    <title>Latest Articles &amp; Insights | Maverick Business Academy</title>\n
    <meta name="description" content="Explore cutting-edge business articles, corporate strategies, academic research, and leadership advice from the expert faculty at Maverick Business Academy." />\n
\n
    \n
    <link rel="preconnect" href="https://fonts.googleapis.com" />\n
    <link rel="preconnect" href="https://fonts.gstatic.com" crossorigin />\n
    <link href="https://fonts.cdnfonts.com/css/pp-neue-montreal" rel="stylesheet">\n
    <link href="https://fonts.googleapis.com/css2?family=Poppins:wght@300;400;500;600&display=swap" rel="stylesheet" />\n
\n
    \n
    <link rel="stylesheet" href="http://localhost/assets/css/main.css" />\n
    <link rel="stylesheet" href="http://localhost/assets/css/sections.css" />\n
        <link rel="stylesheet" href="http://localhost/assets/css/responsive.css" />\n
\n
        <link rel="stylesheet" href="http://localhost/assets/css/blog.css">\n
</head>\n
\n
<body class="is-loading" style="min-height: 100vh;">\n
\n
    \n
    <div id="preloader" data-lenis-prevent></div>\n
\n
    \n
    <div id="cursor-dot" data-lenis-prevent></div>\n
    <div id="cursor-outline" data-lenis-prevent></div>\n
\n
    \n
    <!-- Navigation -->\n
<header id="navbar" class="navbar inner-navbar" role="banner">\n
  <div class="navbar__container">\n
    <!-- Logo -->\n
    <a href="http://localhost" class="navbar__logo" aria-label="Maverick Business Academy Home">\n
      <div class="navbar__logo-placeholder">\n
        <img src="assets/images/logo-white.png" alt="Maverick Business Academy Logo"\n
          class="navbar__logo-img white-logo" />\n
        <img src="assets/images/logo.png" alt="Maverick Business Academy Logo"\n
          class="navbar__logo-img regular-logo" />\n
      </div>\n
    </a>\n
\n
    <!-- Desktop Navigation -->\n
    <nav class="navbar__nav" role="navigation" aria-label="Main navigation">\n
      <ul class="navbar__menu" role="menubar">\n
        <li class="navbar__item navbar__item--has-mega" role="none">\n
          <button class="navbar__link navbar__link--trigger" role="menuitem" aria-haspopup="true"\n
            aria-expanded="false" data-menu="programs">\n
            Programs\n
            <span class="navbar__arrow" aria-hidden="true"></span>\n
          </button>\n
          <!-- Programs Mega Menu -->\n
          <!-- Programs Mega Menu -->\n
          <div class="navbar__mega" data-mega="programs" aria-hidden="true">\n
            <div class="mega__backdrop"></div>\n
            <div class="mega__panel">\n
              <div class="mega__inner">\n
                <div class="mega__body">\n
\n
                  <!-- LEFT: Categories -->\n
                  <div class="mega__categories" role="tablist" aria-label="Program Categories">\n
\n
                    <button type="button" class="mega__category-item is-active"\n
                      data-category="diplomas"\n
                      data-title="Diplomas"\n
                      role="tab" aria-selected="true">\n
                      <span class="mega__category-name">Diplomas</span>\n
                      <span class="mega__category-arrow" aria-hidden="true">\n
                        <svg viewBox="0 0 24 24" fill="none" stroke="currentColor" stroke-width="2.5" stroke-linecap="round" stroke-linejoin="round">\n
                          <path d="M5 12h14M13 6l6 6-6 6" />\n
                        </svg>\n
                      </span>\n
                    </button>\n
\n
                    <button type="button" class="mega__category-item"\n
                      data-category="bachelors"\n
                      data-title="Bachelor's Degrees"\n
                      role="tab" aria-selected="false">\n
                      <span class="mega__category-name">Bachelor's Degrees</span>\n
                      <span class="mega__category-arrow" aria-hidden="true">\n
                        <svg viewBox="0 0 24 24" fill="none" stroke="currentColor" stroke-width="2.5" stroke-linecap="round" stroke-linejoin="round">\n
                          <path d="M5 12h14M13 6l6 6-6 6" />\n
                        </svg>\n
                      </span>\n
                    </button>\n
\n
                    <button type="button" class="mega__category-item"\n
                      data-category="masters"\n
                      data-title="Master's Degrees"\n
                      data-href="http://localhost/masters-degrees"\n
                      role="tab" aria-selected="false">\n
                      <span class="mega__category-name">Master's Degrees</span>\n
                      <span class="mega__category-arrow" aria-hidden="true">\n
                        <svg viewBox="0 0 24 24" fill="none" stroke="currentColor" stroke-width="2.5" stroke-linecap="round" stroke-linejoin="round">\n
                          <path d="M5 12h14M13 6l6 6-6 6" />\n
                        </svg>\n
                      </span>\n
                    </button>\n
\n
                    <button type="button" class="mega__category-item"\n
                      data-category="doctorate"\n
                      data-title="Doctorate Degrees"\n
                      data-href="http://localhost/doctorate-degrees"\n
                      role="tab" aria-selected="false">\n
                      <span class="mega__category-name">Doctorate Degrees</span>\n
                      <span class="mega__category-arrow" aria-hidden="true">\n
                        <svg viewBox="0 0 24 24" fill="none" stroke="currentColor" stroke-width="2.5" stroke-linecap="round" stroke-linejoin="round">\n
                          <path d="M5 12h14M13 6l6 6-6 6" />\n
                        </svg>\n
                      </span>\n
                    </button>\n
\n
                    <button type="button" class="mega__category-item"\n
                      data-category="executive"\n
                      data-title="Executive Education"\n
                      data-href="http://localhost/executive-education"\n
                      role="tab" aria-selected="false">\n
                      <span class="mega__category-name">Executive Education</span>\n
                      <span class="mega__category-arrow" aria-hidden="true">\n
                        <svg viewBox="0 0 24 24" fill="none" stroke="currentColor" stroke-width="2.5" stroke-linecap="round" stroke-linejoin="round">\n
                          <path d="M5 12h14M13 6l6 6-6 6" />\n
                        </svg>\n
                      </span>\n
                    </button>\n
\n
                    <button type="button" class="mega__category-item"\n
                      data-category="corporate"\n
                      data-title="Corporate Training"\n
                      data-href="http://localhost/corporate-training"\n
                      role="tab" aria-selected="false">\n
                      <span class="mega__category-name">Corporate Training</span>\n
                      <span class="mega__category-arrow" aria-hidden="true">\n
                        <svg viewBox="0 0 24 24" fill="none" stroke="currentColor" stroke-width="2.5" stroke-linecap="round" stroke-linejoin="round">\n
                          <path d="M5 12h14M13 6l6 6-6 6" />\n
                        </svg>\n
                      </span>\n
                    </button>\n
\n
                    <button type="button" class="mega__category-item"\n
                      data-category="certifications"\n
                      data-title="Certifications"\n
                      data-href="http://localhost/certifications"\n
                      role="tab" aria-selected="false">\n
                      <span class="mega__category-name">Certifications</span>\n
                      <span class="mega__category-arrow" aria-hidden="true">\n
                        <svg viewBox="0 0 24 24" fill="none" stroke="currentColor" stroke-width="2.5" stroke-linecap="round" stroke-linejoin="round">\n
                          <path d="M5 12h14M13 6l6 6-6 6" />\n
                        </svg>\n
                      </span>\n
                    </button>\n
\n
                  </div>\n
\n
                  <!-- RIGHT: Panels -->\n
                  <div class="mega__panels">\n
\n
                    <div class="mega__panel-head">\n
                      <h3 class="mega__panel-title" data-panel-title>Diplomas</h3>\n
                      <a href="http://localhost/diplomas" class="mega__panel-viewall" data-panel-link>\n
                        View All <span aria-hidden="true">→</span>\n
                      </a>\n
                    </div>\n
\n
                    <div class="mega__panel-scroll">\n
\n
                      <!-- Diplomas -->\n
                      <div class="mega__panel-list is-active" data-panel="diplomas">\n
                        <a href="http://localhost/programs/diploma-business-management" class="mega__program-row">\n
                          <span class="mega__program-name">Diploma in Business Management</span>\n
                          <span class="mega__row-arrow" aria-hidden="true"><svg viewBox="0 0 24 24" fill="none" stroke="currentColor" stroke-width="2.5" stroke-linecap="round" stroke-linejoin="round"><path d="M5 12h14M13 6l6 6-6 6" /></svg></span>\n
                        </a>\n
                        <a href="http://localhost/programs/diploma-marketing" class="mega__program-row">\n
                          <span class="mega__program-name">Diploma in Marketing</span>\n
                          <span class="mega__row-arrow" aria-hidden="true"><svg viewBox="0 0 24 24" fill="none" stroke="currentColor" stroke-width="2.5" stroke-linecap="round" stroke-linejoin="round"><path d="M5 12h14M13 6l6 6-6 6" /></svg></span>\n
                        </a>\n
                        <a href="http://localhost/programs/diploma-hr-management" class="mega__program-row">\n
                          <span class="mega__program-name">Diploma in HR Management</span>\n
                          <span class="mega__row-arrow" aria-hidden="true"><svg viewBox="0 0 24 24" fill="none" stroke="currentColor" stroke-width="2.5" stroke-linecap="round" stroke-linejoin="round"><path d="M5 12h14M13 6l6 6-6 6" /></svg></span>\n
                        </a>\n
                        <a href="http://localhost/programs/diploma-project-management" class="mega__program-row">\n
                          <span class="mega__program-name">Diploma in Project Management</span>\n
                          <span class="mega__row-arrow" aria-hidden="true"><svg viewBox="0 0 24 24" fill="none" stroke="currentColor" stroke-width="2.5" stroke-linecap="round" stroke-linejoin="round"><path d="M5 12h14M13 6l6 6-6 6" /></svg></span>\n
                        </a>\n
                        <a href="http://localhost/programs/diploma-logistics-supply-chain" class="mega__program-row">\n
                          <span class="mega__program-name">Diploma in Logistics &amp; Supply Chain</span>\n
                          <span class="mega__row-arrow" aria-hidden="true"><svg viewBox="0 0 24 24" fill="none" stroke="currentColor" stroke-width="2.5" stroke-linecap="round" stroke-linejoin="round"><path d="M5 12h14M13 6l6 6-6 6" /></svg></span>\n
                        </a>\n
                        <a href="http://localhost/programs/diploma-finance" class="mega__program-row">\n
                          <span class="mega__program-name">Diploma in Finance</span>\n
                          <span class="mega__row-arrow" aria-hidden="true"><svg viewBox="0 0 24 24" fill="none" stroke="currentColor" stroke-width="2.5" stroke-linecap="round" stroke-linejoin="round"><path d="M5 12h14M13 6l6 6-6 6" /></svg></span>\n
                        </a>\n
                        <a href="http://localhost/programs/diploma-it-management" class="mega__program-row">\n
                          <span class="mega__program-name">Diploma in IT Management</span>\n
                          <span class="mega__row-arrow" aria-hidden="true"><svg viewBox="0 0 24 24" fill="none" stroke="currentColor" stroke-width="2.5" stroke-linecap="round" stroke-linejoin="round"><path d="M5 12h14M13 6l6 6-6 6" /></svg></span>\n
                        </a>\n
                        <a href="http://localhost/programs/diploma-hospitality-management" class="mega__program-row">\n
                          <span class="mega__program-name">Diploma in Hospitality Management</span>\n
                          <span class="mega__row-arrow" aria-hidden="true"><svg viewBox="0 0 24 24" fill="none" stroke="currentColor" stroke-width="2.5" stroke-linecap="round" stroke-linejoin="round"><path d="M5 12h14M13 6l6 6-6 6" /></svg></span>\n
                        </a>\n
                      </div>\n
\n
                      <!-- Bachelor's -->\n
                      <div class="mega__panel-list" data-panel="bachelors">\n
                        <a href="http://localhost/programs/bba" class="mega__program-row">\n
                          <span class="mega__program-name">Bachelor of Business Administration (BBA)</span>\n
                          <span class="mega__row-arrow" aria-hidden="true"><svg viewBox="0 0 24 24" fill="none" stroke="currentColor" stroke-width="2.5" stroke-linecap="round" stroke-linejoin="round"><path d="M5 12h14M13 6l6 6-6 6" /></svg></span>\n
                        </a>\n
                        <a href="http://localhost/programs/bsc" class="mega__program-row">\n
                          <span class="mega__program-name">Bachelor of Science (BSc)</span>\n
                          <span class="mega__row-arrow" aria-hidden="true"><svg viewBox="0 0 24 24" fill="none" stroke="currentColor" stroke-width="2.5" stroke-linecap="round" stroke-linejoin="round"><path d="M5 12h14M13 6l6 6-6 6" /></svg></span>\n
                        </a>\n
                        <a href="http://localhost/programs/ba" class="mega__program-row">\n
                          <span class="mega__program-name">Bachelor of Arts (BA)</span>\n
                          <span class="mega__row-arrow" aria-hidden="true"><svg viewBox="0 0 24 24" fill="none" stroke="currentColor" stroke-width="2.5" stroke-linecap="round" stroke-linejoin="round"><path d="M5 12h14M13 6l6 6-6 6" /></svg></span>\n
                        </a>\n
                        <a href="http://localhost/programs/bba-marketing" class="mega__program-row">\n
                          <span class="mega__program-name">BBA in Marketing</span>\n
                          <span class="mega__row-arrow" aria-hidden="true"><svg viewBox="0 0 24 24" fill="none" stroke="currentColor" stroke-width="2.5" stroke-linecap="round" stroke-linejoin="round"><path d="M5 12h14M13 6l6 6-6 6" /></svg></span>\n
                        </a>\n
                        <a href="http://localhost/programs/bba-finance" class="mega__program-row">\n
                          <span class="mega__program-name">BBA in Finance</span>\n
                          <span class="mega__row-arrow" aria-hidden="true"><svg viewBox="0 0 24 24" fill="none" stroke="currentColor" stroke-width="2.5" stroke-linecap="round" stroke-linejoin="round"><path d="M5 12h14M13 6l6 6-6 6" /></svg></span>\n
                        </a>\n
                        <a href="http://localhost/programs/bsc-computer-science" class="mega__program-row">\n
                          <span class="mega__program-name">BSc in Computer Science</span>\n
                          <span class="mega__row-arrow" aria-hidden="true"><svg viewBox="0 0 24 24" fill="none" stroke="currentColor" stroke-width="2.5" stroke-linecap="round" stroke-linejoin="round"><path d="M5 12h14M13 6l6 6-6 6" /></svg></span>\n
                        </a>\n
                        <a href="http://localhost/programs/bsc-psychology" class="mega__program-row">\n
                          <span class="mega__program-name">BSc in Psychology</span>\n
                          <span class="mega__row-arrow" aria-hidden="true"><svg viewBox="0 0 24 24" fill="none" stroke="currentColor" stroke-width="2.5" stroke-linecap="round" stroke-linejoin="round"><path d="M5 12h14M13 6l6 6-6 6" /></svg></span>\n
                        </a>\n
                        <a href="http://localhost/programs/bba-hr-management" class="mega__program-row">\n
                          <span class="mega__program-name">BBA in HR Management</span>\n
                          <span class="mega__row-arrow" aria-hidden="true"><svg viewBox="0 0 24 24" fill="none" stroke="currentColor" stroke-width="2.5" stroke-linecap="round" stroke-linejoin="round"><path d="M5 12h14M13 6l6 6-6 6" /></svg></span>\n
                        </a>\n
                      </div>\n
\n
                      <!-- Master's -->\n
                      <div class="mega__panel-list" data-panel="masters">\n
                        <a href="http://localhost/programs/mba" class="mega__program-row">\n
                          <span class="mega__program-name">Master of Business Administration (MBA)</span>\n
                          <span class="mega__row-arrow" aria-hidden="true"><svg viewBox="0 0 24 24" fill="none" stroke="currentColor" stroke-width="2.5" stroke-linecap="round" stroke-linejoin="round"><path d="M5 12h14M13 6l6 6-6 6" /></svg></span>\n
                        </a>\n
                        <a href="http://localhost/programs/msc" class="mega__program-row">\n
                          <span class="mega__program-name">Master of Science (MSc)</span>\n
                          <span class="mega__row-arrow" aria-hidden="true"><svg viewBox="0 0 24 24" fill="none" stroke="currentColor" stroke-width="2.5" stroke-linecap="round" stroke-linejoin="round"><path d="M5 12h14M13 6l6 6-6 6" /></svg></span>\n
                        </a>\n
                        <a href="http://localhost/programs/ma" class="mega__program-row">\n
                          <span class="mega__program-name">Master of Arts (MA)</span>\n
                          <span class="mega__row-arrow" aria-hidden="true"><svg viewBox="0 0 24 24" fill="none" stroke="currentColor" stroke-width="2.5" stroke-linecap="round" stroke-linejoin="round"><path d="M5 12h14M13 6l6 6-6 6" /></svg></span>\n
                        </a>\n
                        <a href="http://localhost/programs/executive-mba" class="mega__program-row">\n
                          <span class="mega__program-name">Executive MBA</span>\n
                          <span class="mega__row-arrow" aria-hidden="true"><svg viewBox="0 0 24 24" fill="none" stroke="currentColor" stroke-width="2.5" stroke-linecap="round" stroke-linejoin="round"><path d="M5 12h14M13 6l6 6-6 6" /></svg></span>\n
                        </a>\n
                        <a href="http://localhost/programs/mba-finance" class="mega__program-row">\n
                          <span class="mega__program-name">MBA in Finance</span>\n
                          <span class="mega__row-arrow" aria-hidden="true"><svg viewBox="0 0 24 24" fill="none" stroke="currentColor" stroke-width="2.5" stroke-linecap="round" stroke-linejoin="round"><path d="M5 12h14M13 6l6 6-6 6" /></svg></span>\n
                        </a>\n
                        <a href="http://localhost/programs/mba-marketing" class="mega__program-row">\n
                          <span class="mega__program-name">MBA in Marketing</span>\n
                          <span class="mega__row-arrow" aria-hidden="true"><svg viewBox="0 0 24 24" fill="none" stroke="currentColor" stroke-width="2.5" stroke-linecap="round" stroke-linejoin="round"><path d="M5 12h14M13 6l6 6-6 6" /></svg></span>\n
                        </a>\n
                        <a href="http://localhost/programs/msc-data-analytics" class="mega__program-row">\n
                          <span class="mega__program-name">MSc in Data Analytics</span>\n
                          <span class="mega__row-arrow" aria-hidden="true"><svg viewBox="0 0 24 24" fill="none" stroke="currentColor" stroke-width="2.5" stroke-linecap="round" stroke-linejoin="round"><path d="M5 12h14M13 6l6 6-6 6" /></svg></span>\n
                        </a>\n
                        <a href="http://localhost/programs/ma-psychology" class="mega__program-row">\n
                          <span class="mega__program-name">MA in Psychology</span>\n
                          <span class="mega__row-arrow" aria-hidden="true"><svg viewBox="0 0 24 24" fill="none" stroke="currentColor" stroke-width="2.5" stroke-linecap="round" stroke-linejoin="round"><path d="M5 12h14M13 6l6 6-6 6" /></svg></span>\n
                        </a>\n
                      </div>\n
\n
                      <!-- Doctorate -->\n
                      <div class="mega__panel-list" data-panel="doctorate">\n
                        <a href="http://localhost/programs/dba" class="mega__program-row">\n
                          <span class="mega__program-name">Doctor of Business Administration (DBA)</span>\n
                          <span class="mega__row-arrow" aria-hidden="true"><svg viewBox="0 0 24 24" fill="none" stroke="currentColor" stroke-width="2.5" stroke-linecap="round" stroke-linejoin="round"><path d="M5 12h14M13 6l6 6-6 6" /></svg></span>\n
                        </a>\n
                        <a href="http://localhost/programs/phd-management" class="mega__program-row">\n
                          <span class="mega__program-name">PhD in Management</span>\n
                          <span class="mega__row-arrow" aria-hidden="true"><svg viewBox="0 0 24 24" fill="none" stroke="currentColor" stroke-width="2.5" stroke-linecap="round" stroke-linejoin="round"><path d="M5 12h14M13 6l6 6-6 6" /></svg></span>\n
                        </a>\n
                        <a href="http://localhost/programs/phd-business-administration" class="mega__program-row">\n
                          <span class="mega__program-name">PhD in Business Administration</span>\n
                          <span class="mega__row-arrow" aria-hidden="true"><svg viewBox="0 0 24 24" fill="none" stroke="currentColor" stroke-width="2.5" stroke-linecap="round" stroke-linejoin="round"><path d="M5 12h14M13 6l6 6-6 6" /></svg></span>\n
                        </a>\n
                        <a href="http://localhost/programs/professional-doctorate-leadership" class="mega__program-row">\n
                          <span class="mega__program-name">Professional Doctorate in Leadership</span>\n
                          <span class="mega__row-arrow" aria-hidden="true"><svg viewBox="0 0 24 24" fill="none" stroke="currentColor" stroke-width="2.5" stroke-linecap="round" stroke-linejoin="round"><path d="M5 12h14M13 6l6 6-6 6" /></svg></span>\n
                        </a>\n
                        <a href="http://localhost/programs/dba-strategic-management" class="mega__program-row">\n
                          <span class="mega__program-name">DBA in Strategic Management</span>\n
                          <span class="mega__row-arrow" aria-hidden="true"><svg viewBox="0 0 24 24" fill="none" stroke="currentColor" stroke-width="2.5" stroke-linecap="round" stroke-linejoin="round"><path d="M5 12h14M13 6l6 6-6 6" /></svg></span>\n
                        </a>\n
                        <a href="http://localhost/programs/phd-education" class="mega__program-row">\n
                          <span class="mega__program-name">PhD in Education</span>\n
                          <span class="mega__row-arrow" aria-hidden="true"><svg viewBox="0 0 24 24" fill="none" stroke="currentColor" stroke-width="2.5" stroke-linecap="round" stroke-linejoin="round"><path d="M5 12h14M13 6l6 6-6 6" /></svg></span>\n
                        </a>\n
                      </div>\n
\n
                      <!-- Executive Education -->\n
                      <div class="mega__panel-list" data-panel="executive">\n
                        <a href="http://localhost/programs/mini-mba" class="mega__program-row">\n
                          <span class="mega__program-name">Mini MBA</span>\n
                          <span class="mega__row-arrow" aria-hidden="true"><svg viewBox="0 0 24 24" fill="none" stroke="currentColor" stroke-width="2.5" stroke-linecap="round" stroke-linejoin="round"><path d="M5 12h14M13 6l6 6-6 6" /></svg></span>\n
                        </a>\n
                        <a href="http://localhost/programs/executive-leadership-program" class="mega__program-row">\n
                          <span class="mega__program-name">Executive Leadership Program</span>\n
                          <span class="mega__row-arrow" aria-hidden="true"><svg viewBox="0 0 24 24" fill="none" stroke="currentColor" stroke-width="2.5" stroke-linecap="round" stroke-linejoin="round"><path d="M5 12h14M13 6l6 6-6 6" /></svg></span>\n
                        </a>\n
                        <a href="http://localhost/programs/strategic-management-certificate" class="mega__program-row">\n
                          <span class="mega__program-name">Strategic Management Certificate</span>\n
                          <span class="mega__row-arrow" aria-hidden="true"><svg viewBox="0 0 24 24" fill="none" stroke="currentColor" stroke-width="2.5" stroke-linecap="round" stroke-linejoin="round"><path d="M5 12h14M13 6l6 6-6 6" /></svg></span>\n
                        </a>\n
                        <a href="http://localhost/programs/executive-certificate-finance" class="mega__program-row">\n
                          <span class="mega__program-name">Executive Certificate in Finance</span>\n
                          <span class="mega__row-arrow" aria-hidden="true"><svg viewBox="0 0 24 24" fill="none" stroke="currentColor" stroke-width="2.5" stroke-linecap="round" stroke-linejoin="round"><path d="M5 12h14M13 6l6 6-6 6" /></svg></span>\n
                        </a>\n
                        <a href="http://localhost/programs/executive-certificate-marketing" class="mega__program-row">\n
                          <span class="mega__program-name">Executive Certificate in Marketing</span>\n
                          <span class="mega__row-arrow" aria-hidden="true"><svg viewBox="0 0 24 24" fill="none" stroke="currentColor" stroke-width="2.5" stroke-linecap="round" stroke-linejoin="round"><path d="M5 12h14M13 6l6 6-6 6" /></svg></span>\n
                        </a>\n
                        <a href="http://localhost/programs/leadership-excellence-program" class="mega__program-row">\n
                          <span class="mega__program-name">Leadership Excellence Program</span>\n
                          <span class="mega__row-arrow" aria-hidden="true"><svg viewBox="0 0 24 24" fill="none" stroke="currentColor" stroke-width="2.5" stroke-linecap="round" stroke-linejoin="round"><path d="M5 12h14M13 6l6 6-6 6" /></svg></span>\n
                        </a>\n
                      </div>\n
\n
                      <!-- Corporate Training -->\n
                      <div class="mega__panel-list" data-panel="corporate">\n
                        <a href="http://localhost/programs/corporate-leadership-training" class="mega__program-row">\n
                          <span class="mega__program-name">Corporate Leadership Training</span>\n
                          <span class="mega__row-arrow" aria-hidden="true"><svg viewBox="0 0 24 24" fill="none" stroke="currentColor" stroke-width="2.5" stroke-linecap="round" stroke-linejoin="round"><path d="M5 12h14M13 6l6 6-6 6" /></svg></span>\n
                        </a>\n
                        <a href="http://localhost/programs/team-building-management" class="mega__program-row">\n
                          <span class="mega__program-name">Team Building &amp; Management</span>\n
                          <span class="mega__row-arrow" aria-hidden="true"><svg viewBox="0 0 24 24" fill="none" stroke="currentColor" stroke-width="2.5" stroke-linecap="round" stroke-linejoin="round"><path d="M5 12h14M13 6l6 6-6 6" /></svg></span>\n
                        </a>\n
                        <a href="http://localhost/programs/sales-excellence-training" class="mega__program-row">\n
                          <span class="mega__program-name">Sales Excellence Training</span>\n
                          <span class="mega__row-arrow" aria-hidden="true"><svg viewBox="0 0 24 24" fill="none" stroke="currentColor" stroke-width="2.5" stroke-linecap="round" stroke-linejoin="round"><path d="M5 12h14M13 6l6 6-6 6" /></svg></span>\n
                        </a>\n
                        <a href="http://localhost/programs/customer-service-excellence" class="mega__program-row">\n
                          <span class="mega__program-name">Customer Service Excellence</span>\n
                          <span class="mega__row-arrow" aria-hidden="true"><svg viewBox="0 0 24 24" fill="none" stroke="currentColor" stroke-width="2.5" stroke-linecap="round" stroke-linejoin="round"><path d="M5 12h14M13 6l6 6-6 6" /></svg></span>\n
                        </a>\n
                        <a href="http://localhost/programs/project-management-training" class="mega__program-row">\n
                          <span class="mega__program-name">Project Management Training</span>\n
                          <span class="mega__row-arrow" aria-hidden="true"><svg viewBox="0 0 24 24" fill="none" stroke="currentColor" stroke-width="2.5" stroke-linecap="round" stroke-linejoin="round"><path d="M5 12h14M13 6l6 6-6 6" /></svg></span>\n
                        </a>\n
                        <a href="http://localhost/programs/digital-transformation-training" class="mega__program-row">\n
                          <span class="mega__program-name">Digital Transformation Training</span>\n
                          <span class="mega__row-arrow" aria-hidden="true"><svg viewBox="0 0 24 24" fill="none" stroke="currentColor" stroke-width="2.5" stroke-linecap="round" stroke-linejoin="round"><path d="M5 12h14M13 6l6 6-6 6" /></svg></span>\n
                        </a>\n
                      </div>\n
\n
                      <!-- Certifications -->\n
                      <div class="mega__panel-list" data-panel="certifications">\n
                        <a href="http://localhost/certifications/digital-marketing-professional" class="mega__program-row">\n
                          <span class="mega__program-name">Certified Digital Marketing Professional</span>\n
                          <span class="mega__row-arrow" aria-hidden="true"><svg viewBox="0 0 24 24" fill="none" stroke="currentColor" stroke-width="2.5" stroke-linecap="round" stroke-linejoin="round"><path d="M5 12h14M13 6l6 6-6 6" /></svg></span>\n
                        </a>\n
                        <a href="http://localhost/certifications/project-management-professional" class="mega__program-row">\n
                          <span class="mega__program-name">Certified Project Management Professional (CPMP)</span>\n
                          <span class="mega__row-arrow" aria-hidden="true"><svg viewBox="0 0 24 24" fill="none" stroke="currentColor" stroke-width="2.5" stroke-linecap="round" stroke-linejoin="round"><path d="M5 12h14M13 6l6 6-6 6" /></svg></span>\n
                        </a>\n
                        <a href="http://localhost/certifications/investment-management-analyst" class="mega__program-row">\n
                          <span class="mega__program-name">Certified Investment Management Analyst (CIMA)</span>\n
                          <span class="mega__row-arrow" aria-hidden="true"><svg viewBox="0 0 24 24" fill="none" stroke="currentColor" stroke-width="2.5" stroke-linecap="round" stroke-linejoin="round"><path d="M5 12h14M13 6l6 6-6 6" /></svg></span>\n
                        </a>\n
                        <a href="http://localhost/certifications/purchasing-procurement-manager" class="mega__program-row">\n
                          <span class="mega__program-name">Certified Purchasing and Procurement Manager (CPPM)</span>\n
                          <span class="mega__row-arrow" aria-hidden="true"><svg viewBox="0 0 24 24" fill="none" stroke="currentColor" stroke-width="2.5" stroke-linecap="round" stroke-linejoin="round"><path d="M5 12h14M13 6l6 6-6 6" /></svg></span>\n
                        </a>\n
                        <a href="http://localhost/certifications/purchasing-procurement-professional" class="mega__program-row">\n
                          <span class="mega__program-name">Certified Purchasing and Procurement Professional (CPPP)</span>\n
                          <span class="mega__row-arrow" aria-hidden="true"><svg viewBox="0 0 24 24" fill="none" stroke="currentColor" stroke-width="2.5" stroke-linecap="round" stroke-linejoin="round"><path d="M5 12h14M13 6l6 6-6 6" /></svg></span>\n
                        </a>\n
                        <a href="http://localhost/certifications/logistics-manager" class="mega__program-row">\n
                          <span class="mega__program-name">Certified Logistics Manager (CLM)</span>\n
                          <span class="mega__row-arrow" aria-hidden="true"><svg viewBox="0 0 24 24" fill="none" stroke="currentColor" stroke-width="2.5" stroke-linecap="round" stroke-linejoin="round"><path d="M5 12h14M13 6l6 6-6 6" /></svg></span>\n
                        </a>\n
                        <a href="http://localhost/certifications/sustainability-leadership-management" class="mega__program-row">\n
                          <span class="mega__program-name">Certified Sustainability Leadership and Management</span>\n
                          <span class="mega__row-arrow" aria-hidden="true"><svg viewBox="0 0 24 24" fill="none" stroke="currentColor" stroke-width="2.5" stroke-linecap="round" stroke-linejoin="round"><path d="M5 12h14M13 6l6 6-6 6" /></svg></span>\n
                        </a>\n
                        <a href="http://localhost/certifications/training-development-professional" class="mega__program-row">\n
                          <span class="mega__program-name">Certified Training and Development Professional (CTDP)</span>\n
                          <span class="mega__row-arrow" aria-hidden="true"><svg viewBox="0 0 24 24" fill="none" stroke="currentColor" stroke-width="2.5" stroke-linecap="round" stroke-linejoin="round"><path d="M5 12h14M13 6l6 6-6 6" /></svg></span>\n
                        </a>\n
                      </div>\n
\n
                    </div>\n
                  </div>\n
\n
                </div>\n
              </div>\n
            </div>\n
          </div>\n
        </li>\n
\n
        <li class="navbar__item navbar__item--has-dropdown" role="none">\n
          <button class="navbar__link navbar__link--trigger" role="menuitem" aria-haspopup="true"\n
            aria-expanded="false" data-menu="about">\n
            About Us\n
            <span class="navbar__arrow" aria-hidden="true"></span>\n
          </button>\n
          <ul class="navbar__dropdown" data-dropdown="about" aria-hidden="true">\n
            <li>\n
              <a href="http://localhost/our-story" class="navbar__dropdown-link">Our Story</a>\n
            </li>\n
            <li>\n
              <a href="http://localhost/leadership-board" class="navbar__dropdown-link">Leadership &amp; Board</a>\n
            </li>\n
            <li>\n
              <a href="http://localhost/accreditations" class="navbar__dropdown-link">Accreditations &amp; Recognition</a>\n
            </li>\n
            <li>\n
              <a href="http://localhost/global-university-partners" class="navbar__dropdown-link">Global University\n
                Partners</a>\n
            </li>\n
            <li>\n
              <a href="http://localhost/csr-community-impact" class="navbar__dropdown-link">CSR &amp; Community Impact</a>\n
            </li>\n
            <li>\n
              <a href="http://localhost/media-gallery" class="navbar__dropdown-link">Media Gallery</a>\n
            </li>\n
          </ul>\n
        </li>\n
\n
        <li class="navbar__item navbar__item--has-dropdown" role="none">\n
          <button class="navbar__link navbar__link--trigger" role="menuitem" aria-haspopup="true"\n
            aria-expanded="false" data-menu="pathways">\n
            Global Pathways\n
            <span class="navbar__arrow" aria-hidden="true"></span>\n
          </button>\n
          <ul class="navbar__dropdown" data-dropdown="pathways" aria-hidden="true">\n
            <li>\n
              <a href="http://localhost/pathway-programs" class="navbar__dropdown-link">Pathway Programs</a>\n
            </li>\n
            <li>\n
              <a href="http://localhost/global-opportunities" class="navbar__dropdown-link">Global Opportunities</a>\n
            </li>\n
          </ul>\n
        </li>\n
\n
        <li class="navbar__item navbar__item--has-dropdown" role="none">\n
          <button class="navbar__link navbar__link--trigger" role="menuitem" aria-haspopup="true"\n
            aria-expanded="false" data-menu="insights">\n
            Insights\n
            <span class="navbar__arrow" aria-hidden="true"></span>\n
          </button>\n
          <ul class="navbar__dropdown" data-dropdown="insights" aria-hidden="true">\n
            <li>\n
              <a href="http://localhost/news" class="navbar__dropdown-link">News</a>\n
            </li>\n
            <li>\n
              <a href="http://localhost/events" class="navbar__dropdown-link">Events</a>\n
            </li>\n
            <li>\n
              <a href="http://localhost/blogs" class="navbar__dropdown-link">Blogs</a>\n
            </li>\n
            <li>\n
              <a href="http://localhost/student-success" class="navbar__dropdown-link">Student Success</a>\n
            </li>\n
          </ul>\n
        </li>\n
\n
        <li class="navbar__item" role="none">\n
          <a href="http://localhost/contact" class="navbar__link" role="menuitem">Contact Us</a>\n
        </li>\n
      </ul>\n
    </nav>\n
\n
    <!-- CTA Button -->\n
    <div class="navbar__cta">\n
      <a href="/apply/" class="btn btn--primary navbar__cta-btn">\n
        Apply Now\n
      </a>\n
    </div>\n
\n
    <!-- Mobile Hamburger -->\n
    <button class="navbar__hamburger" aria-label="Toggle mobile menu" aria-expanded="false"\n
      aria-controls="mobile-menu">\n
      <span class="navbar__hamburger-line"></span>\n
      <span class="navbar__hamburger-line"></span>\n
      <span class="navbar__hamburger-line"></span>\n
    </button>\n
  </div>\n
\n
  <!-- Mobile Menu Overlay -->\n
  <div class="navbar__mobile" id="mobile-menu" data-lenis-prevent aria-hidden="true">\n
    <div class="navbar__mobile-inner">\n
      <img src="assets/images/logo-white.png" alt="Maverick Business Academy Logo" class="navbar__logo-img white-logo"\n
        style="position: absolute; top: 10px; left: 24px; width: calc(100vw - 120px); height: auto;" />\n
      <nav class="navbar__mobile-nav">\n
        <ul class="navbar__mobile-menu">\n
          <li class="navbar__mobile-item">\n
  <button class="navbar__mobile-link navbar__mobile-trigger" data-mobile-menu="programs">\n
    Programs\n
    <span class="navbar__mobile-arrow"></span>\n
  </button>\n
\n
  <ul class="navbar__mobile-submenu" data-mobile-submenu="programs">\n
\n
    <!-- Diplomas -->\n
    <li class="navbar__mobile-category">\n
      <button type="button" class="navbar__mobile-category-trigger" data-mobile-category="diplomas">\n
        Diplomas\n
        <span class="navbar__mobile-category-arrow" aria-hidden="true">\n
          <svg viewBox="0 0 24 24" fill="none" stroke="currentColor" stroke-width="2.5" stroke-linecap="round" stroke-linejoin="round"><path d="M5 12h14M13 6l6 6-6 6" /></svg>\n
        </span>\n
      </button>\n
      <ul class="navbar__mobile-category-panel" data-mobile-category-panel="diplomas">\n
        <li><a href="http://localhost/programs/diploma-business-management" class="navbar__mobile-category-sublink">Diploma in Business Management <span class="navbar__mobile-category-sublink-arrow" aria-hidden="true"><svg viewBox="0 0 24 24" fill="none" stroke="currentColor" stroke-width="2.5" stroke-linecap="round" stroke-linejoin="round"><path d="M5 12h14M13 6l6 6-6 6" /></svg></span></a></li>\n
        <li><a href="http://localhost/programs/diploma-marketing" class="navbar__mobile-category-sublink">Diploma in Marketing <span class="navbar__mobile-category-sublink-arrow" aria-hidden="true"><svg viewBox="0 0 24 24" fill="none" stroke="currentColor" stroke-width="2.5" stroke-linecap="round" stroke-linejoin="round"><path d="M5 12h14M13 6l6 6-6 6" /></svg></span></a></li>\n
        <li><a href="http://localhost/programs/diploma-hr-management" class="navbar__mobile-category-sublink">Diploma in HR Management <span class="navbar__mobile-category-sublink-arrow" aria-hidden="true"><svg viewBox="0 0 24 24" fill="none" stroke="currentColor" stroke-width="2.5" stroke-linecap="round" stroke-linejoin="round"><path d="M5 12h14M13 6l6 6-6 6" /></svg></span></a></li>\n
        <li><a href="http://localhost/programs/diploma-project-management" class="navbar__mobile-category-sublink">Diploma in Project Management <span class="navbar__mobile-category-sublink-arrow" aria-hidden="true"><svg viewBox="0 0 24 24" fill="none" stroke="currentColor" stroke-width="2.5" stroke-linecap="round" stroke-linejoin="round"><path d="M5 12h14M13 6l6 6-6 6" /></svg></span></a></li>\n
        <li><a href="http://localhost/programs/diploma-finance" class="navbar__mobile-category-sublink">Diploma in Finance <span class="navbar__mobile-category-sublink-arrow" aria-hidden="true"><svg viewBox="0 0 24 24" fill="none" stroke="currentColor" stroke-width="2.5" stroke-linecap="round" stroke-linejoin="round"><path d="M5 12h14M13 6l6 6-6 6" /></svg></span></a></li>\n
      </ul>\n
    </li>\n
\n
    <!-- Bachelor's Degrees -->\n
    <li class="navbar__mobile-category">\n
      <button type="button" class="navbar__mobile-category-trigger" data-mobile-category="bachelors">\n
        Bachelor's Degrees\n
        <span class="navbar__mobile-category-arrow" aria-hidden="true">\n
          <svg viewBox="0 0 24 24" fill="none" stroke="currentColor" stroke-width="2.5" stroke-linecap="round" stroke-linejoin="round"><path d="M5 12h14M13 6l6 6-6 6" /></svg>\n
        </span>\n
      </button>\n
      <ul class="navbar__mobile-category-panel" data-mobile-category-panel="bachelors">\n
        <li><a href="http://localhost/programs/bba" class="navbar__mobile-category-sublink">Bachelor of Business Administration (BBA) <span class="navbar__mobile-category-sublink-arrow" aria-hidden="true"><svg viewBox="0 0 24 24" fill="none" stroke="currentColor" stroke-width="2.5" stroke-linecap="round" stroke-linejoin="round"><path d="M5 12h14M13 6l6 6-6 6" /></svg></span></a></li>\n
        <li><a href="http://localhost/programs/bsc" class="navbar__mobile-category-sublink">Bachelor of Science (BSc) <span class="navbar__mobile-category-sublink-arrow" aria-hidden="true"><svg viewBox="0 0 24 24" fill="none" stroke="currentColor" stroke-width="2.5" stroke-linecap="round" stroke-linejoin="round"><path d="M5 12h14M13 6l6 6-6 6" /></svg></span></a></li>\n
        <li><a href="http://localhost/programs/ba" class="navbar__mobile-category-sublink">Bachelor of Arts (BA) <span class="navbar__mobile-category-sublink-arrow" aria-hidden="true"><svg viewBox="0 0 24 24" fill="none" stroke="currentColor" stroke-width="2.5" stroke-linecap="round" stroke-linejoin="round"><path d="M5 12h14M13 6l6 6-6 6" /></svg></span></a></li>\n
        <li><a href="http://localhost/programs/bba-marketing" class="navbar__mobile-category-sublink">BBA in Marketing <span class="navbar__mobile-category-sublink-arrow" aria-hidden="true"><svg viewBox="0 0 24 24" fill="none" stroke="currentColor" stroke-width="2.5" stroke-linecap="round" stroke-linejoin="round"><path d="M5 12h14M13 6l6 6-6 6" /></svg></span></a></li>\n
        <li><a href="http://localhost/programs/bsc-computer-science" class="navbar__mobile-category-sublink">BSc in Computer Science <span class="navbar__mobile-category-sublink-arrow" aria-hidden="true"><svg viewBox="0 0 24 24" fill="none" stroke="currentColor" stroke-width="2.5" stroke-linecap="round" stroke-linejoin="round"><path d="M5 12h14M13 6l6 6-6 6" /></svg></span></a></li>\n
      </ul>\n
    </li>\n
\n
    <!-- Master's Degrees -->\n
    <li class="navbar__mobile-category">\n
      <button type="button" class="navbar__mobile-category-trigger" data-mobile-category="masters">\n
        Master's Degrees\n
        <span class="navbar__mobile-category-arrow" aria-hidden="true">\n
          <svg viewBox="0 0 24 24" fill="none" stroke="currentColor" stroke-width="2.5" stroke-linecap="round" stroke-linejoin="round"><path d="M5 12h14M13 6l6 6-6 6" /></svg>\n
        </span>\n
      </button>\n
      <ul class="navbar__mobile-category-panel" data-mobile-category-panel="masters">\n
        <li><a href="http://localhost/programs/mba" class="navbar__mobile-category-sublink">Master of Business Administration (MBA) <span class="navbar__mobile-category-sublink-arrow" aria-hidden="true"><svg viewBox="0 0 24 24" fill="none" stroke="currentColor" stroke-width="2.5" stroke-linecap="round" stroke-linejoin="round"><path d="M5 12h14M13 6l6 6-6 6" /></svg></span></a></li>\n
        <li><a href="http://localhost/programs/msc" class="navbar__mobile-category-sublink">Master of Science (MSc) <span class="navbar__mobile-category-sublink-arrow" aria-hidden="true"><svg viewBox="0 0 24 24" fill="none" stroke="currentColor" stroke-width="2.5" stroke-linecap="round" stroke-linejoin="round"><path d="M5 12h14M13 6l6 6-6 6" /></svg></span></a></li>\n
        <li><a href="http://localhost/programs/ma" class="navbar__mobile-category-sublink">Master of Arts (MA) <span class="navbar__mobile-category-sublink-arrow" aria-hidden="true"><svg viewBox="0 0 24 24" fill="none" stroke="currentColor" stroke-width="2.5" stroke-linecap="round" stroke-linejoin="round"><path d="M5 12h14M13 6l6 6-6 6" /></svg></span></a></li>\n
        <li><a href="http://localhost/programs/executive-mba" class="navbar__mobile-category-sublink">Executive MBA <span class="navbar__mobile-category-sublink-arrow" aria-hidden="true"><svg viewBox="0 0 24 24" fill="none" stroke="currentColor" stroke-width="2.5" stroke-linecap="round" stroke-linejoin="round"><path d="M5 12h14M13 6l6 6-6 6" /></svg></span></a></li>\n
        <li><a href="http://localhost/programs/mba-finance" class="navbar__mobile-category-sublink">MBA in Finance <span class="navbar__mobile-category-sublink-arrow" aria-hidden="true"><svg viewBox="0 0 24 24" fill="none" stroke="currentColor" stroke-width="2.5" stroke-linecap="round" stroke-linejoin="round"><path d="M5 12h14M13 6l6 6-6 6" /></svg></span></a></li>\n
      </ul>\n
    </li>\n
\n
    <!-- Doctorate Degrees -->\n
    <li class="navbar__mobile-category">\n
      <button type="button" class="navbar__mobile-category-trigger" data-mobile-category="doctorate">\n
        Doctorate Degrees\n
        <span class="navbar__mobile-category-arrow" aria-hidden="true">\n
          <svg viewBox="0 0 24 24" fill="none" stroke="currentColor" stroke-width="2.5" stroke-linecap="round" stroke-linejoin="round"><path d="M5 12h14M13 6l6 6-6 6" /></svg>\n
        </span>\n
      </button>\n
      <ul class="navbar__mobile-category-panel" data-mobile-category-panel="doctorate">\n
        <li><a href="http://localhost/programs/dba" class="navbar__mobile-category-sublink">Doctor of Business Administration (DBA) <span class="navbar__mobile-category-sublink-arrow" aria-hidden="true"><svg viewBox="0 0 24 24" fill="none" stroke="currentColor" stroke-width="2.5" stroke-linecap="round" stroke-linejoin="round"><path d="M5 12h14M13 6l6 6-6 6" /></svg></span></a></li>\n
        <li><a href="http://localhost/programs/phd-management" class="navbar__mobile-category-sublink">PhD in Management <span class="navbar__mobile-category-sublink-arrow" aria-hidden="true"><svg viewBox="0 0 24 24" fill="none" stroke="currentColor" stroke-width="2.5" stroke-linecap="round" stroke-linejoin="round"><path d="M5 12h14M13 6l6 6-6 6" /></svg></span></a></li>\n
        <li><a href="http://localhost/programs/phd-business-administration" class="navbar__mobile-category-sublink">PhD in Business Administration <span class="navbar__mobile-category-sublink-arrow" aria-hidden="true"><svg viewBox="0 0 24 24" fill="none" stroke="currentColor" stroke-width="2.5" stroke-linecap="round" stroke-linejoin="round"><path d="M5 12h14M13 6l6 6-6 6" /></svg></span></a></li>\n
        <li><a href="http://localhost/programs/professional-doctorate-leadership" class="navbar__mobile-category-sublink">Professional Doctorate in Leadership <span class="navbar__mobile-category-sublink-arrow" aria-hidden="true"><svg viewBox="0 0 24 24" fill="none" stroke="currentColor" stroke-width="2.5" stroke-linecap="round" stroke-linejoin="round"><path d="M5 12h14M13 6l6 6-6 6" /></svg></span></a></li>\n
      </ul>\n
    </li>\n
\n
    <!-- Executive Education -->\n
    <li class="navbar__mobile-category">\n
      <button type="button" class="navbar__mobile-category-trigger" data-mobile-category="executive">\n
        Executive Education\n
        <span class="navbar__mobile-category-arrow" aria-hidden="true">\n
          <svg viewBox="0 0 24 24" fill="none" stroke="currentColor" stroke-width="2.5" stroke-linecap="round" stroke-linejoin="round"><path d="M5 12h14M13 6l6 6-6 6" /></svg>\n
        </span>\n
      </button>\n
      <ul class="navbar__mobile-category-panel" data-mobile-category-panel="executive">\n
        <li><a href="http://localhost/programs/mini-mba" class="navbar__mobile-category-sublink">Mini MBA <span class="navbar__mobile-category-sublink-arrow" aria-hidden="true"><svg viewBox="0 0 24 24" fill="none" stroke="currentColor" stroke-width="2.5" stroke-linecap="round" stroke-linejoin="round"><path d="M5 12h14M13 6l6 6-6 6" /></svg></span></a></li>\n
        <li><a href="http://localhost/programs/executive-leadership-program" class="navbar__mobile-category-sublink">Executive Leadership Program <span class="navbar__mobile-category-sublink-arrow" aria-hidden="true"><svg viewBox="0 0 24 24" fill="none" stroke="currentColor" stroke-width="2.5" stroke-linecap="round" stroke-linejoin="round"><path d="M5 12h14M13 6l6 6-6 6" /></svg></span></a></li>\n
        <li><a href="http://localhost/programs/strategic-management-certificate" class="navbar__mobile-category-sublink">Strategic Management Certificate <span class="navbar__mobile-category-sublink-arrow" aria-hidden="true"><svg viewBox="0 0 24 24" fill="none" stroke="currentColor" stroke-width="2.5" stroke-linecap="round" stroke-linejoin="round"><path d="M5 12h14M13 6l6 6-6 6" /></svg></span></a></li>\n
      </ul>\n
    </li>\n
\n
    <!-- Corporate Training -->\n
    <li class="navbar__mobile-category">\n
      <button type="button" class="navbar__mobile-category-trigger" data-mobile-category="corporate">\n
        Corporate Training\n
        <span class="navbar__mobile-category-arrow" aria-hidden="true">\n
          <svg viewBox="0 0 24 24" fill="none" stroke="currentColor" stroke-width="2.5" stroke-linecap="round" stroke-linejoin="round"><path d="M5 12h14M13 6l6 6-6 6" /></svg>\n
        </span>\n
      </button>\n
      <ul class="navbar__mobile-category-panel" data-mobile-category-panel="corporate">\n
        <li><a href="http://localhost/programs/corporate-leadership-training" class="navbar__mobile-category-sublink">Corporate Leadership Training <span class="navbar__mobile-category-sublink-arrow" aria-hidden="true"><svg viewBox="0 0 24 24" fill="none" stroke="currentColor" stroke-width="2.5" stroke-linecap="round" stroke-linejoin="round"><path d="M5 12h14M13 6l6 6-6 6" /></svg></span></a></li>\n
        <li><a href="http://localhost/programs/team-building-management" class="navbar__mobile-category-sublink">Team Building &amp; Management <span class="navbar__mobile-category-sublink-arrow" aria-hidden="true"><svg viewBox="0 0 24 24" fill="none" stroke="currentColor" stroke-width="2.5" stroke-linecap="round" stroke-linejoin="round"><path d="M5 12h14M13 6l6 6-6 6" /></svg></span></a></li>\n
        <li><a href="http://localhost/programs/sales-excellence-training" class="navbar__mobile-category-sublink">Sales Excellence Training <span class="navbar__mobile-category-sublink-arrow" aria-hidden="true"><svg viewBox="0 0 24 24" fill="none" stroke="currentColor" stroke-width="2.5" stroke-linecap="round" stroke-linejoin="round"><path d="M5 12h14M13 6l6 6-6 6" /></svg></span></a></li>\n
      </ul>\n
    </li>\n
\n
    <!-- Certifications -->\n
    <li class="navbar__mobile-category">\n
      <button type="button" class="navbar__mobile-category-trigger" data-mobile-category="certifications">\n
        Certifications\n
        <span class="navbar__mobile-category-arrow" aria-hidden="true">\n
          <svg viewBox="0 0 24 24" fill="none" stroke="currentColor" stroke-width="2.5" stroke-linecap="round" stroke-linejoin="round"><path d="M5 12h14M13 6l6 6-6 6" /></svg>\n
        </span>\n
      </button>\n
      <ul class="navbar__mobile-category-panel" data-mobile-category-panel="certifications">\n
        <li><a href="http://localhost/certifications/digital-marketing-professional" class="navbar__mobile-category-sublink">Certified Digital Marketing Professional <span class="navbar__mobile-category-sublink-arrow" aria-hidden="true"><svg viewBox="0 0 24 24" fill="none" stroke="currentColor" stroke-width="2.5" stroke-linecap="round" stroke-linejoin="round"><path d="M5 12h14M13 6l6 6-6 6" /></svg></span></a></li>\n
        <li><a href="http://localhost/certifications/project-management-professional" class="navbar__mobile-category-sublink">Certified Project Management Professional (CPMP) <span class="navbar__mobile-category-sublink-arrow" aria-hidden="true"><svg viewBox="0 0 24 24" fill="none" stroke="currentColor" stroke-width="2.5" stroke-linecap="round" stroke-linejoin="round"><path d="M5 12h14M13 6l6 6-6 6" /></svg></span></a></li>\n
        <li><a href="http://localhost/certifications/logistics-manager" class="navbar__mobile-category-sublink">Certified Logistics Manager (CLM) <span class="navbar__mobile-category-sublink-arrow" aria-hidden="true"><svg viewBox="0 0 24 24" fill="none" stroke="currentColor" stroke-width="2.5" stroke-linecap="round" stroke-linejoin="round"><path d="M5 12h14M13 6l6 6-6 6" /></svg></span></a></li>\n
      </ul>\n
    </li>\n
\n
  </ul>\n
</li>\n
\n
          <li class="navbar__mobile-item">\n
            <button class="navbar__mobile-link navbar__mobile-trigger" data-mobile-menu="about">\n
              About Us\n
              <span class="navbar__mobile-arrow"></span>\n
            </button>\n
            <ul class="navbar__mobile-submenu" data-mobile-submenu="about">\n
              <li>\n
                <a href="http://localhost/our-story" class="navbar__mobile-sublink">Our Story</a>\n
              </li>\n
              <li>\n
                <a href="http://localhost/leadership-board" class="navbar__mobile-sublink">Leadership &amp; Board</a>\n
              </li>\n
              <li>\n
                <a href="http://localhost/accreditations" class="navbar__mobile-sublink">Accreditations &amp;\n
                  Recognition</a>\n
              </li>\n
              <li>\n
                <a href="http://localhost/global-university-partners" class="navbar__mobile-sublink">Global University\n
                  Partners</a>\n
              </li>\n
              <li>\n
                <a href="http://localhost/csr-community-impact" class="navbar__mobile-sublink">CSR &amp; Community\n
                  Impact</a>\n
              </li>\n
              <li>\n
                <a href="http://localhost/media-gallery" class="navbar__mobile-sublink">Media Gallery</a>\n
              </li>\n
            </ul>\n
          </li>\n
\n
          <li class="navbar__mobile-item">\n
            <button class="navbar__mobile-link navbar__mobile-trigger" data-mobile-menu="pathways">\n
              Global Pathways\n
              <span class="navbar__mobile-arrow"></span>\n
            </button>\n
            <ul class="navbar__mobile-submenu" data-mobile-submenu="pathways">\n
              <li>\n
                <a href="http://localhost/pathway-programs" class="navbar__mobile-sublink">Pathway Programs</a>\n
              </li>\n
              <li>\n
                <a href="http://localhost/global-opportunities" class="navbar__mobile-sublink">Global\n
                  Opportunities</a>\n
              </li>\n
            </ul>\n
          </li>\n
\n
          <li class="navbar__mobile-item">\n
            <button class="navbar__mobile-link navbar__mobile-trigger" data-mobile-menu="insights">\n
              Insights\n
              <span class="navbar__mobile-arrow"></span>\n
            </button>\n
            <ul class="navbar__mobile-submenu" data-mobile-submenu="insights">\n
              <li>\n
                <a href="http://localhost/news" class="navbar__mobile-sublink">News</a>\n
              </li>\n
              <li>\n
                <a href="http://localhost/events" class="navbar__mobile-sublink">Events</a>\n
              </li>\n
              <li>\n
                <a href="http://localhost/blogs" class="navbar__mobile-sublink">Blogs</a>\n
              </li>\n
              <li>\n
                <a href="http://localhost/student-success" class="navbar__mobile-sublink">Student Success</a>\n
              </li>\n
            </ul>\n
          </li>\n
\n
          <li class="navbar__mobile-item">\n
            <a href="http://localhost/contact" class="navbar__mobile-link">Contact Us</a>\n
          </li>\n
        </ul>\n
      </nav>\n
\n
      <div class="navbar__mobile-cta">\n
        <a href="http://localhost/apply" class="btn btn--primary">Apply Now</a>\n
      </div>\n
    </div>\n
  </div>\n
</header>\n
    \n
    <main>\n
        <div class="blog-page blog-page--listing">\n
\n
    <!-- PAGE HERO -->\n
    <section class="blog-hero">\n
        <div class="blog-decor blog-decor--hero" aria-hidden="true">\n
            <!-- Blobs -->\n
        <div class="blog-decor__blob blog-decor__blob--1"></div>\n
        <div class="blog-decor__blob blog-decor__blob--2 blog-decor__blob--secondary"></div>\n
\n
        <!-- Floating SVG Icons -->\n
        <!-- 1. Book -->\n
        <svg class="blog-decor__icon blog-decor__icon--1" viewBox="0 0 24 24" fill="none" stroke="currentColor" stroke-width="1.5" stroke-linecap="round" stroke-linejoin="round">\n
            <path d="M4 19.5A2.5 2.5 0 0 1 6.5 17H20"></path>\n
            <path d="M6.5 2H20v20H6.5A2.5 2.5 0 0 1 4 19.5v-15A2.5 2.5 0 0 1 6.5 2z"></path>\n
        </svg>\n
\n
        <!-- 2. Graduation Cap -->\n
        <svg class="blog-decor__icon blog-decor__icon--2" viewBox="0 0 24 24" fill="none" stroke="currentColor" stroke-width="1.5" stroke-linecap="round" stroke-linejoin="round">\n
            <path d="M22 10v6M2 10l10-5 10 5-10 5z"></path>\n
            <path d="M6 12v5c0 2 2 3 6 3s6-1 6-3v-5"></path>\n
        </svg>\n
\n
        <!-- 3. Pen/Quill -->\n
        <svg class="blog-decor__icon blog-decor__icon--3" viewBox="0 0 24 24" fill="none" stroke="currentColor" stroke-width="1.5" stroke-linecap="round" stroke-linejoin="round">\n
            <path d="M12 20h9"></path>\n
            <path d="M16.5 3.5a2.121 2.121 0 0 1 3 3L7 19l-4 1 1-4L16.5 3.5z"></path>\n
        </svg>\n
\n
        <!-- 4. Chat Bubble -->\n
        <svg class="blog-decor__icon blog-decor__icon--4" viewBox="0 0 24 24" fill="none" stroke="currentColor" stroke-width="1.5" stroke-linecap="round" stroke-linejoin="round">\n
            <path d="M21 15a2 2 0 0 1-2 2H7l-4 4V5a2 2 0 0 1 2-2h14a2 2 0 0 1 2 2z"></path>\n
        </svg>\n
\n
    </div>\n
        <div class="container">\n
            <div class="blog-hero__inner">\n
                <span class="blog-hero__eyebrow caption-text accent-text">Blogs</span>\n
                <h1 class="blog-hero__title display-text">Latest Articles & Insights</h1>\n
                <p class="blog-hero__subtitle section-subtitle">\n
                    Cutting-edge academic research, practical leadership strategy, and student success narratives curated specifically for future global business leaders.\n
                </p>\n
            </div>\n
        </div>\n
    </section>\n
\n
    <!-- HORIZONTAL SEARCH & FILTER BAR (Sticky / Glassmorphism) -->\n
    <div class="blog-filter-bar-wrapper">\n
        <div class="container">\n
            <nav class="blog-filter-bar" aria-label="Article categories and search">\n
                <!-- Horizontally Scrollable Category Pills -->\n
                <!-- <div class="blog-filter-bar__pills-container">\n
                    <ul class="blog-filter-bar__pills" role="tablist">\n
                                                    <li role="none">\n
                                <a href="http://localhost/blogs"\n
                                   class="blog-filter-bar__pill blog-filter-bar__pill--active"\n
                                   role="tab"\n
                                   aria-selected="true">\n
                                    All\n
                                </a>\n
                            </li>\n
                                            </ul>\n
                </div> -->\n
\n
                <!-- Debounced Client/Server Search Input -->\n
                <form action="http://localhost/blogs" method="GET" class="blog-filter-bar__search-form">\n
                                        <div class="blog-filter-bar__search-group">\n
                        <svg class="blog-filter-bar__search-icon" viewBox="0 0 24 24" fill="none" stroke="currentColor" stroke-width="2" width="18" height="18" aria-hidden="true">\n
                            <circle cx="11" cy="11" r="8"></circle>\n
                            <line x1="21" y1="21" x2="16.65" y2="16.65"></line>\n
                        </svg>\n
                        <input type="search"\n
                               name="search"\n
                               class="blog-filter-bar__search-input"\n
                               placeholder="Search articles..."\n
                               value=""\n
                               aria-label="Search articles">\n
                                            </div>\n
                </form>\n
            </nav>\n
        </div>\n
    </div>\n
\n
    <!-- MAIN BODY CONTENT -->\n
    <div class="blog-main-content">\n
        <div class="container">\n
\n
            <!-- FEATURED POST (Large card on top, first page only, and when not strictly searching) -->\n
            \n
            <!-- ARTICLE GRID -->\n
            <section class="blog-grid-section" aria-label="Latest articles">\n
                <div class="blog-decor blog-decor--grid-bg" aria-hidden="true">\n
            <!-- Single Very Faint Blob -->\n
        <div class="blog-decor__blob blog-decor__blob--grid"></div>\n
    </div>\n
                                    <div class="blog-no-results">\n
                        <svg class="blog-no-results__icon" viewBox="0 0 24 24" fill="none" stroke="currentColor" stroke-width="1.5" width="64" height="64" aria-hidden="true">\n
                            <circle cx="11" cy="11" r="8"></circle>\n
                            <line x1="21" y1="21" x2="16.65" y2="16.65"></line>\n
                            <line x1="8" y1="11" x2="14" y2="11"></line>\n
                        </svg>\n
                        <h3 class="blog-no-results__title">No Articles Found</h3>\n
                        <p class="blog-no-results__desc">We couldn't find any articles matching your search criteria. Try modifying your search keywords or switching categories.</p>\n
                        <a href="http://localhost/blogs" class="btn btn--secondary blog-no-results__btn">\n
                            Reset All Filters\n
                        </a>\n
                    </div>\n
                            </section>\n
        </div>\n
    </div>\n
\n
    <section id="final-cta" class="final-cta section-wrapper section--dark" aria-label="Final Call to Action">\n
  <div class="container final-cta__inner">\n
    <div class="section-label"><span>Take The Next Step</span></div>\n
    <h2 class="final-cta__heading section-title">\n
      <span class="text-reveal-wrapper">\n
        <span class="text-reveal-inner">Ready To Shape Your Future?</span>\n
      </span>\n
    </h2>\n
    <p class="final-cta__subtitle body-text">\n
      Join a global community of learners, professionals, and leaders.\n
    </p>\n
    <div class="final-cta__buttons">\n
      <a href="/apply/" class="final-cta__btn final-cta__btn--primary">\n
        Apply Now\n
      </a>\n
      <a href="/contact" class="final-cta__btn final-cta__btn--secondary">\n
        Schedule A Consultation\n
      </a>\n
    </div>\n
    <div class="final-cta__phone">\n
      Or speak with an advisor:\n
      <a href="tel:+971 50 144 1670">+971 50 144 1670</a>\n
    </div>\n
  </div>\n
</section>\n
</div>\n
    </main>\n
\n
    \n
    <!-- Footer -->\n
<footer id="footer" class="footer" aria-label="Site footer">\n
  <div class="container">\n
    <!-- ========== MAIN FOOTER CONTENT ========== -->\n
    <div class="footer__main">\n
      <!-- COLUMN 1: Logo + About + Newsletter -->\n
      <div class="footer__col footer__col--brand">\n
        <a href="http://localhost" class="footer__logo" aria-label="Maverick Business Academy Home">\n
          <img src="assets/images/logo-white.png" alt="Maverick Business Academy Logo" class="footer__logo-img">\n
        </a>\n
\n
        <p class="footer__about">\n
          Transforming learners into global leaders through internationally\n
          recognised qualifications and transformative learning experiences.\n
        </p>\n
\n
        <div class="footer__newsletter">\n
          <h4 class="footer__newsletter-title">Stay Updated</h4>\n
          <p class="footer__newsletter-desc">\n
            Get insights on programs, events, and industry trends.\n
          </p>\n
\n
          <form class="footer__newsletter-form" data-newsletter-form>\n
            <input type="email" class="footer__newsletter-input" placeholder="Your email address" required\n
              aria-label="Email for newsletter" />\n
            <button type="submit" class="footer__newsletter-btn" aria-label="Subscribe">\n
              <span>Subscribe</span>\n
              <svg viewBox="0 0 24 24" fill="none" stroke="currentColor" stroke-width="2" aria-hidden="true">\n
                <path d="M5 12h14M13 5l7 7-7 7" />\n
              </svg>\n
            </button>\n
          </form>\n
        </div>\n
      </div>\n
\n
      <!-- COLUMN 2: Programs -->\n
      <!-- DYNAMIC START: footer-programs -->\n
      <div class="footer__col">\n
        <h4 class="footer__heading">Programs</h4>\n
        <ul class="footer__links">\n
          <li>\n
            <a href="http://localhost/programs/diplomas" class="footer__link">Diplomas</a>\n
          </li>\n
          <li>\n
            <a href="http://localhost/programs/bachelors-degrees" class="footer__link">Bachelor's Degrees</a>\n
          </li>\n
          <li>\n
            <a href="http://localhost/programs/masters-degrees" class="footer__link">Master's Degrees</a>\n
          </li>\n
          <li>\n
            <a href="http://localhost/programs/doctorate-degrees" class="footer__link">Doctorate Degrees</a>\n
          </li>\n
          <li>\n
            <a href="http://localhost/programs/executive-education" class="footer__link">Executive Education</a>\n
          </li>\n
          <li>\n
            <a href="http://localhost/programs/corporate-training" class="footer__link">Corporate Training</a>\n
          </li>\n
        </ul>\n
      </div>\n
      <!-- DYNAMIC END: footer-programs -->\n
\n
      <!-- COLUMN 3: Contact + Social -->\n
      <div class="footer__col">\n
        <h4 class="footer__heading">Contact</h4>\n
\n
        <address class="footer__contact">\n
          <div class="footer__contact-item">\n
            <span class="footer__contact-label">Address</span>\n
            <span class="footer__contact-value">\n
              #201, 2nd Floor, Robot Park Tower, Sharjah, United Arab Emirates\n
            </span>\n
          </div>\n
\n
          <div class="footer__contact-item">\n
            <span class="footer__contact-label">Email</span>\n
            <a href="mailto:admissions@mbalondon.org.uk" class="footer__contact-value footer__contact-link">\n
              admissions@mbalondon.org.uk\n
            </a>\n
          </div>\n
\n
          <div class="footer__contact-item">\n
            <span class="footer__contact-label">Phone</span>\n
            <a href="tel:++971 67 675 656" class="footer__contact-value footer__contact-link">\n
              +971 67 675 656\n
            </a>\n
            <a href="tel:++971 67 675 656" class="footer__contact-value footer__contact-link">\n
              ++971 67 675 656\n
            </a>\n
          </div>\n
        </address>\n
\n
        <!-- DYNAMIC START: footer-social -->\n
        <div class="footer__social">\n
          <a href="https://www.facebook.com/maverickuni/" class="footer__social-link" target="_blank" rel="noopener"\n
            aria-label="Facebook">\n
            <svg viewBox="0 0 24 24" fill="currentColor" aria-hidden="true">\n
              <path\n
                d="M9 8h-3v4h3v12h5v-12h3.642l.358-4h-4v-1.667c0-.955.192-1.333 1.115-1.333h2.885v-5h-3.808c-3.596 0-5.192 1.583-5.192 4.615v3.385z" />\n
            </svg>\n
          </a>\n
          <a href="https://www.instagram.com/maverickuni/" class="footer__social-link" target="_blank" rel="noopener"\n
            aria-label="Instagram">\n
            <svg viewBox="0 0 24 24" fill="currentColor" aria-hidden="true">\n
              <path\n
                d="M12 2.163c3.204 0 3.584.012 4.85.07 3.252.148 4.771 1.691 4.919 4.919.058 1.265.069 1.645.069 4.849 0 3.205-.012 3.584-.069 4.849-.149 3.225-1.664 4.771-4.919 4.919-1.266.058-1.644.07-4.85.07-3.204 0-3.584-.012-4.849-.07-3.26-.149-4.771-1.699-4.919-4.92-.058-1.265-.07-1.644-.07-4.849 0-3.204.013-3.583.07-4.849.149-3.227 1.664-4.771 4.919-4.919 1.266-.057 1.645-.069 4.849-.069zm0-2.163c-3.259 0-3.667.014-4.947.072-4.358.2-6.78 2.618-6.98 6.98-.059 1.281-.073 1.689-.073 4.948 0 3.259.014 3.668.072 4.948.2 4.358 2.618 6.78 6.98 6.98 1.281.058 1.689.072 4.948.072 3.259 0 3.668-.014 4.948-.072 4.354-.2 6.782-2.618 6.979-6.98.059-1.28.073-1.689.073-4.948 0-3.259-.014-3.667-.072-4.947-.196-4.354-2.617-6.78-6.979-6.98-1.281-.059-1.69-.073-4.949-.073zm0 5.838c-3.403 0-6.162 2.759-6.162 6.162s2.759 6.163 6.162 6.163 6.162-2.759 6.162-6.163c0-3.403-2.759-6.162-6.162-6.162zm0 10.162c-2.209 0-4-1.79-4-4 0-2.209 1.791-4 4-4s4 1.791 4 4c0 2.21-1.791 4-4 4zm6.406-11.845c-.796 0-1.441.645-1.441 1.44s.645 1.44 1.441 1.44c.795 0 1.439-.645 1.439-1.44s-.644-1.44-1.439-1.44z" />\n
            </svg>\n
          </a>\n
          <a href="https://www.linkedin.com/company/80568787/" class="footer__social-link"\n
            target="_blank" rel="noopener" aria-label="LinkedIn">\n
            <svg viewBox="0 0 24 24" fill="currentColor" aria-hidden="true">\n
              <path\n
                d="M4.98 3.5c0 1.381-1.11 2.5-2.48 2.5s-2.48-1.119-2.48-2.5c0-1.38 1.11-2.5 2.48-2.5s2.48 1.12 2.48 2.5zm.02 4.5h-5v16h5v-16zm7.982 0h-4.968v16h4.969v-8.399c0-4.67 6.029-5.052 6.029 0v8.399h4.988v-10.131c0-7.88-8.922-7.593-11.018-3.714v-2.155z" />\n
            </svg>\n
          </a>\n
          <a href="https://www.youtube.com/@MaverickBusinessAcademyLondon" class="footer__social-link" target="_blank"\n
            rel="noopener" aria-label="YouTube">\n
            <svg viewBox="0 0 24 24" fill="currentColor" aria-hidden="true">\n
              <path\n
                d="M19.615 3.184c-3.604-.246-11.631-.245-15.23 0-3.897.266-4.356 2.62-4.385 8.816.029 6.185.484 8.549 4.385 8.816 3.6.245 11.626.246 15.23 0 3.897-.266 4.356-2.62 4.385-8.816-.029-6.185-.484-8.549-4.385-8.816zm-10.615 12.816v-8l8 3.993-8 4.007z" />\n
            </svg>\n
          </a>\n
        </div>\n
        <!-- DYNAMIC END: footer-social -->\n
      </div>\n
    </div>\n
\n
    <!-- ========== BOTTOM ROW (Copyright + Legal) ========== -->\n
    <div class="footer__bottom">\n
      <p class="footer__copyright">\n
        &copy; <span data-current-year>2026</span> Maverick Business\n
        Academy. All rights reserved.\n
      </p>\n
\n
      <ul class="footer__legal">\n
        <li>\n
          <a href="http://localhost/privacy-policy" class="footer__legal-link">Privacy Policy</a>\n
        </li>\n
        <li>\n
          <a href="http://localhost/terms-of-service" class="footer__legal-link">Terms of Service</a>\n
        </li>\n
      </ul>\n
    </div>\n
  </div>\n
</footer>\n
    \n
    <button id="scroll-to-top" class="floating-action floating-action--scroll" type="button" aria-label="Scroll to top">\n
        <span aria-hidden="true" data-lucide="arrow-up"></span>\n
    </button>\n
\n
    <a id="whatsapp-float" class="floating-action floating-action--whatsapp" href="https://wa.me/971501441670" target="_blank" rel="noopener noreferrer" aria-label="Contact via WhatsApp">\n
        <span aria-hidden="true" data-lucide="message-circle-more"></span>\n
    </a>\n
\n
    \n
    <script src="https://cdnjs.cloudflare.com/ajax/libs/gsap/3.12.5/gsap.min.js"></script>\n
    <script src="https://cdnjs.cloudflare.com/ajax/libs/gsap/3.12.5/ScrollTrigger.min.js"></script>\n
    <script src="https://cdnjs.cloudflare.com/ajax/libs/gsap/3.12.5/ScrollToPlugin.min.js"></script>\n
    <script src="https://cdn.jsdelivr.net/npm/@studio-freight/lenis@1.0.42/dist/lenis.min.js"></script>\n
    <script src="https://unpkg.com/lucide@0.468.0/dist/umd/lucide.min.js"></script>\n
\n
    <script src="http://localhost/assets/js/main.js" defer></script>\n
    <script src="http://localhost/assets/js/navigation.js" defer></script>\n
    <script src="http://localhost/assets/js/animations.js" defer></script>\n
        <script src="http://localhost/assets/js/partners.js" defer></script>\n
    <script src="http://localhost/assets/js/testimonials.js" defer></script>\n
    <script src="http://localhost/assets/js/scroll-controls.js" defer></script>\n
\n
    <script>\n
        document.addEventListener('DOMContentLoaded', () => {\n
            if (window.lucide) window.lucide.createIcons();\n
        });\n
    </script>\n
\n
        <script src="http://localhost/assets/js/blog.js" defer></script>\n
</body>\n
</html>' [UTF-8](length: 72749) contains "Unlocking Global Leadership" [ASCII](length: 27).

/app/vendor/laravel/framework/src/Illuminate/Testing/TestResponseAssert.php:45
/app/vendor/laravel/framework/src/Illuminate/Testing/TestResponse.php:713
/app/tests/Feature/BlogTest.php:61

[37;41mFAILURES![0m
[37;41mTests: 1[0m[37;41m, Assertions: 3[0m[37;41m, Failures: 1[0m[37;41m.[0m
